// Jest Snapshot v1, https://goo.gl/fbAQLP

exports[`React homepage the homepage matches Snapshot 1`] = `
Object {
  "asFragment": [Function],
  "baseElement": <body>
    <div>
      <div
        class="phase-banner"
      >
        <div
          class="container "
        >
          <div
            class="grid grid--flex grid--gutterless grid--vertical-center grid--no-wrap"
          >
            <div
              class="grid__col col-auto u-flex-no-grow"
            >
              <h3
                class="phase-banner__badge"
              >
                BETA
              </h3>
            </div>
            <div
              class="grid__col col-auto u-flex-shrink"
            >
              <p
                class="phase-banner__desc u-fs-s u-mb-no"
              >
                This is a new service – your 
                <a
                  href="https://ons.service-now.com/"
                >
                  feedback
                </a>
                 will help us improve it.
              </p>
            </div>
          </div>
        </div>
      </div>
      <header
        class="header header--internal"
      >
        <div
          class="header__top"
          role="banner"
        >
          <div
            class="container"
          >
            <div
              class="header__grid-top grid grid--gutterless grid--flex grid--between grid--vertical-center grid--no-wrap "
            >
              <div
                class="grid__col col-auto"
              >
                <a
                  class="header__logo-link"
                  href="/"
                >
                  <picture>
                    <img
                      alt="Office for National Statistics logo"
                      class="header__logo"
                      src="https://cdn.ons.gov.uk/sdc/design-system/31.4.0/img/ons-logo-neg-en.svg"
                    />
                  </picture>
                </a>
              </div>
            </div>
          </div>
        </div>
        <div
          class="header__main"
        >
          <div
            class="container"
          >
            <div
              class="grid grid--gutterless grid--flex grid--between grid--vertical-center grid--no-wrap"
            >
              <div
                class="grid__col col-auto u-flex-shrink"
              >
                <div
                  class="header__title"
                >
                  Blaise User Management
                </div>
              </div>
              <div
                class="grid__col col-auto u-flex-no-shrink u-d-no@xxs@m"
              >
                <button
                  class="btn btn--ghost u-d-no@xxs@m btn--exit"
                >
                  <span
                    class="btn__inner"
                  >
                    Save and sign out
                    <svg
                      class="svg-icon"
                      focusable="false"
                      viewBox="0 0 12 12"
                      xmlns="http://www.w3.org/2000/svg"
                    >
                      <path
                        d="M13.85,7.65l-2.5-2.5a.5.5,0,0,0-.71,0,.48.48,0,0,0-.15.36V7h-3a.5.5,0,0,0-.5.5v1a.5.5,0,0,0,.5.5h3v1.5A.49.49,0,0,0,11,11a.48.48,0,0,0,.34-.14l2.51-2.5a.49.49,0,0,0,0-.68Z"
                        transform="translate(-2 -2)"
                      />
                      <path
                        d="M8.5,14h-6a.5.5,0,0,1-.5-.5V2.5A.5.5,0,0,1,2.5,2h6a.5.5,0,0,1,.5.5V3a.5.5,0,0,1-.5.5h-5v9h5A.5.5,0,0,1,9,13v.5A.5.5,0,0,1,8.5,14Z"
                        transform="translate(-2 -2)"
                      />
                    </svg>
                  </span>
                </button>
              </div>
            </div>
          </div>
        </div>
      </header>
      <div
        class="page__container container"
        style="min-height: calc(67vh);"
      >
        <div
          class="panel panel--info panel--no-title  u-mt-m"
          hidden=""
        >
          <div
            class="panel__body "
          >
            <p />
          </div>
        </div>
        <main
          class="page__main"
          id="main-content"
        >
          <h1
            class="u-mt-m"
          >
            User Management
          </h1>
          <p>
            Signed in with user 
            <em>
              Blaise User
            </em>
             with role 
            <em>
              DST
            </em>
            .
          </p>
          <div
            class="grid grid--column@xxs@s"
          >
            <div
              class="grid__col col-6@m"
            >
              <div
                aria-describedby="text1"
                aria-labelledby="title1"
                class="card"
              >
                <h2
                  class="u-fs-m"
                  id="title1"
                >
                  <a
                    href="/users"
                  >
                    Manage users
                  </a>
                </h2>
                <p
                  id="text1"
                >
                  View, create and edit users in Blaise.
                </p>
                <ul
                  class="list list--dashed"
                >
                  <li
                    class="list__item "
                  >
                    <a
                      class="list__link "
                      href="/user/new"
                    >
                      Create new user
                    </a>
                  </li>
                  <li
                    class="list__item "
                  >
                    <a
                      class="list__link "
                      href="/user/upload"
                    >
                      Bulk upload users
                    </a>
                  </li>
                </ul>
              </div>
            </div>
            <div
              class="grid__col col-6@m"
            >
              <div
                aria-describedby="text2"
                aria-labelledby="title2"
                class="card"
              >
                <h2
                  class="u-fs-m"
                  id="title2"
                >
                  <a
                    href="/roles"
                  >
                    Manage roles
                  </a>
                </h2>
                <p
                  id="text2"
                >
                  View, create and edit roles in Blaise.
                </p>
                <ul
                  class="list list--dashed"
                >
                  <li
                    class="list__item "
                  >
                    <a
                      class="list__link "
                      href="/roles/new"
                    >
                      Create new role
                    </a>
                  </li>
                </ul>
              </div>
            </div>
          </div>
        </main>
      </div>
      <footer
        class="footer"
      >
        <div
          class="footer__body"
          data-analytics="footer"
        >
          <div
            class="container "
          >
            <div
              class="grid grid--flex grid--between"
            >
              <div
                class="grid__col"
              >
                <div
                  class="u-mt-m u-mb-s"
                >
                  <img
                    alt="Office for National Statistics"
                    src="https://ons-design-system.netlify.app/img/ons-logo-black-en.svg"
                  />
                </div>
              </div>
            </div>
          </div>
        </div>
      </footer>
    </div>
  </body>,
  "container": <div>
    <div
      class="phase-banner"
    >
      <div
        class="container "
      >
        <div
          class="grid grid--flex grid--gutterless grid--vertical-center grid--no-wrap"
        >
          <div
            class="grid__col col-auto u-flex-no-grow"
          >
            <h3
              class="phase-banner__badge"
            >
              BETA
            </h3>
          </div>
          <div
            class="grid__col col-auto u-flex-shrink"
          >
            <p
              class="phase-banner__desc u-fs-s u-mb-no"
            >
              This is a new service – your 
              <a
                href="https://ons.service-now.com/"
              >
                feedback
              </a>
               will help us improve it.
            </p>
          </div>
        </div>
      </div>
    </div>
    <header
      class="header header--internal"
    >
      <div
        class="header__top"
        role="banner"
      >
        <div
          class="container"
        >
          <div
            class="header__grid-top grid grid--gutterless grid--flex grid--between grid--vertical-center grid--no-wrap "
          >
            <div
              class="grid__col col-auto"
            >
              <a
                class="header__logo-link"
                href="/"
              >
                <picture>
                  <img
                    alt="Office for National Statistics logo"
                    class="header__logo"
                    src="https://cdn.ons.gov.uk/sdc/design-system/31.4.0/img/ons-logo-neg-en.svg"
                  />
                </picture>
              </a>
            </div>
          </div>
        </div>
      </div>
      <div
        class="header__main"
      >
        <div
          class="container"
        >
          <div
            class="grid grid--gutterless grid--flex grid--between grid--vertical-center grid--no-wrap"
          >
            <div
              class="grid__col col-auto u-flex-shrink"
            >
              <div
                class="header__title"
              >
                Blaise User Management
              </div>
            </div>
            <div
              class="grid__col col-auto u-flex-no-shrink u-d-no@xxs@m"
            >
              <button
                class="btn btn--ghost u-d-no@xxs@m btn--exit"
              >
                <span
                  class="btn__inner"
                >
                  Save and sign out
                  <svg
                    class="svg-icon"
                    focusable="false"
                    viewBox="0 0 12 12"
                    xmlns="http://www.w3.org/2000/svg"
                  >
                    <path
                      d="M13.85,7.65l-2.5-2.5a.5.5,0,0,0-.71,0,.48.48,0,0,0-.15.36V7h-3a.5.5,0,0,0-.5.5v1a.5.5,0,0,0,.5.5h3v1.5A.49.49,0,0,0,11,11a.48.48,0,0,0,.34-.14l2.51-2.5a.49.49,0,0,0,0-.68Z"
                      transform="translate(-2 -2)"
                    />
                    <path
                      d="M8.5,14h-6a.5.5,0,0,1-.5-.5V2.5A.5.5,0,0,1,2.5,2h6a.5.5,0,0,1,.5.5V3a.5.5,0,0,1-.5.5h-5v9h5A.5.5,0,0,1,9,13v.5A.5.5,0,0,1,8.5,14Z"
                      transform="translate(-2 -2)"
                    />
                  </svg>
                </span>
              </button>
            </div>
          </div>
        </div>
      </div>
    </header>
    <div
      class="page__container container"
      style="min-height: calc(67vh);"
    >
      <div
        class="panel panel--info panel--no-title  u-mt-m"
        hidden=""
      >
        <div
          class="panel__body "
        >
          <p />
        </div>
      </div>
      <main
        class="page__main"
        id="main-content"
      >
        <h1
          class="u-mt-m"
        >
          User Management
        </h1>
        <p>
          Signed in with user 
          <em>
            Blaise User
          </em>
           with role 
          <em>
            DST
          </em>
          .
        </p>
        <div
          class="grid grid--column@xxs@s"
        >
          <div
            class="grid__col col-6@m"
          >
            <div
              aria-describedby="text1"
              aria-labelledby="title1"
              class="card"
            >
              <h2
                class="u-fs-m"
                id="title1"
              >
                <a
                  href="/users"
                >
                  Manage users
                </a>
              </h2>
              <p
                id="text1"
              >
                View, create and edit users in Blaise.
              </p>
              <ul
                class="list list--dashed"
              >
                <li
                  class="list__item "
                >
                  <a
                    class="list__link "
                    href="/user/new"
                  >
                    Create new user
                  </a>
                </li>
                <li
                  class="list__item "
                >
                  <a
                    class="list__link "
                    href="/user/upload"
                  >
                    Bulk upload users
                  </a>
                </li>
              </ul>
            </div>
          </div>
          <div
            class="grid__col col-6@m"
          >
            <div
              aria-describedby="text2"
              aria-labelledby="title2"
              class="card"
            >
              <h2
                class="u-fs-m"
                id="title2"
              >
                <a
                  href="/roles"
                >
                  Manage roles
                </a>
              </h2>
              <p
                id="text2"
              >
                View, create and edit roles in Blaise.
              </p>
              <ul
                class="list list--dashed"
              >
                <li
                  class="list__item "
                >
                  <a
                    class="list__link "
                    href="/roles/new"
                  >
                    Create new role
                  </a>
                </li>
              </ul>
            </div>
          </div>
        </div>
      </main>
    </div>
    <footer
      class="footer"
    >
      <div
        class="footer__body"
        data-analytics="footer"
      >
        <div
          class="container "
        >
          <div
            class="grid grid--flex grid--between"
          >
            <div
              class="grid__col"
            >
              <div
                class="u-mt-m u-mb-s"
              >
                <img
                  alt="Office for National Statistics"
                  src="https://ons-design-system.netlify.app/img/ons-logo-black-en.svg"
                />
              </div>
            </div>
          </div>
        </div>
      </div>
    </footer>
  </div>,
  "debug": [Function],
  "findAllByAltText": [Function],
  "findAllByDisplayValue": [Function],
  "findAllByLabelText": [Function],
  "findAllByPlaceholderText": [Function],
  "findAllByRole": [Function],
  "findAllByTestId": [Function],
  "findAllByText": [Function],
  "findAllByTitle": [Function],
  "findByAltText": [Function],
  "findByDisplayValue": [Function],
  "findByLabelText": [Function],
  "findByPlaceholderText": [Function],
  "findByRole": [Function],
  "findByTestId": [Function],
  "findByText": [Function],
  "findByTitle": [Function],
  "getAllByAltText": [Function],
  "getAllByDisplayValue": [Function],
  "getAllByLabelText": [Function],
  "getAllByPlaceholderText": [Function],
  "getAllByRole": [Function],
  "getAllByTestId": [Function],
  "getAllByText": [Function],
  "getAllByTitle": [Function],
  "getByAltText": [Function],
  "getByDisplayValue": [Function],
  "getByLabelText": [Function],
  "getByPlaceholderText": [Function],
  "getByRole": [Function],
  "getByTestId": [Function],
  "getByText": [Function],
  "getByTitle": [Function],
  "queryAllByAltText": [Function],
  "queryAllByDisplayValue": [Function],
  "queryAllByLabelText": [Function],
  "queryAllByPlaceholderText": [Function],
  "queryAllByRole": [Function],
  "queryAllByTestId": [Function],
  "queryAllByText": [Function],
  "queryAllByTitle": [Function],
  "queryByAltText": [Function],
  "queryByDisplayValue": [Function],
  "queryByLabelText": [Function],
  "queryByPlaceholderText": [Function],
  "queryByRole": [Function],
  "queryByTestId": [Function],
  "queryByText": [Function],
  "queryByTitle": [Function],
  "rerender": [Function],
  "unmount": [Function],
}
`;
